Traceback (most recent call last):
  File "/opt/hostedtoolcache/Python/3.10.20/x64/lib/python3.10/site-packages/jupyter_cache/executors/utils.py", line 58, in single_nb_execution
    executenb(
  File "/opt/hostedtoolcache/Python/3.10.20/x64/lib/python3.10/site-packages/nbclient/client.py", line 1323, in execute
    return NotebookClient(nb=nb, resources=resources, km=km, **kwargs).execute()
  File "/opt/hostedtoolcache/Python/3.10.20/x64/lib/python3.10/site-packages/jupyter_core/utils/__init__.py", line 165, in wrapped
    return loop.run_until_complete(inner)
  File "/opt/hostedtoolcache/Python/3.10.20/x64/lib/python3.10/asyncio/base_events.py", line 649, in run_until_complete
    return future.result()
  File "/opt/hostedtoolcache/Python/3.10.20/x64/lib/python3.10/site-packages/nbclient/client.py", line 709, in async_execute
    await self.async_execute_cell(
  File "/opt/hostedtoolcache/Python/3.10.20/x64/lib/python3.10/site-packages/nbclient/client.py", line 1062, in async_execute_cell
    await self._check_raise_for_error(cell, cell_index, exec_reply)
  File "/opt/hostedtoolcache/Python/3.10.20/x64/lib/python3.10/site-packages/nbclient/client.py", line 918, in _check_raise_for_error
    raise CellExecutionError.from_cell_and_msg(cell, exec_reply_content)
nbclient.exceptions.CellExecutionError: An error occurred while executing the following cell:
------------------
tesla = pt.load_model("tesla/model_3_rwd/2022/rf_c3326385/v1")
tesla_with_temp_steady = pt.load_model(
    "tesla/model_3_rwd/2022/rf_steady_thermal_ab1db342/v1"
)
tesla_with_temp_transient = pt.load_model(
    "tesla/model_3_rwd/2022/rf_transient_thermal_ab1db342/v1"
)


------------------

----- stderr -----
/opt/hostedtoolcache/Python/3.10.20/x64/lib/python3.10/site-packages/tqdm/auto.py:21: TqdmWarning: IProgress not found. Please update jupyter and ipywidgets. See https://ipywidgets.readthedocs.io/en/stable/user_install.html
  from .autonotebook import tqdm as notebook_tqdm
------------------

[0;31m---------------------------------------------------------------------------[0m
[0;31mHTTPError[0m                                 Traceback (most recent call last)
File [0;32m/opt/hostedtoolcache/Python/3.10.20/x64/lib/python3.10/site-packages/huggingface_hub/utils/_http.py:403[0m, in [0;36mhf_raise_for_status[0;34m(response, endpoint_name)[0m
[1;32m    402[0m [38;5;28;01mtry[39;00m:
[0;32m--> 403[0m     [43mresponse[49m[38;5;241;43m.[39;49m[43mraise_for_status[49m[43m([49m[43m)[49m
[1;32m    404[0m [38;5;28;01mexcept[39;00m HTTPError [38;5;28;01mas[39;00m e:

File [0;32m/opt/hostedtoolcache/Python/3.10.20/x64/lib/python3.10/site-packages/requests/models.py:1167[0m, in [0;36mResponse.raise_for_status[0;34m(self)[0m
[1;32m   1166[0m [38;5;28;01mif[39;00m http_error_msg:
[0;32m-> 1167[0m     [38;5;28;01mraise[39;00m HTTPError(http_error_msg, response[38;5;241m=[39m[38;5;28mself[39m)

[0;31mHTTPError[0m: 404 Client Error: Not Found for url: https://huggingface.co/NatLabRockies/routee-powertrain-model-library/resolve/main/v2/tesla/model_3_rwd/2022/rf_c3326385/v1/metadata.json

The above exception was the direct cause of the following exception:

[0;31mEntryNotFoundError[0m                        Traceback (most recent call last)
Cell [0;32mIn[2], line 1[0m
[0;32m----> 1[0m tesla [38;5;241m=[39m [43mpt[49m[38;5;241;43m.[39;49m[43mload_model[49m[43m([49m[38;5;124;43m"[39;49m[38;5;124;43mtesla/model_3_rwd/2022/rf_c3326385/v1[39;49m[38;5;124;43m"[39;49m[43m)[49m
[1;32m      2[0m tesla_with_temp_steady [38;5;241m=[39m pt[38;5;241m.[39mload_model(
[1;32m      3[0m     [38;5;124m"[39m[38;5;124mtesla/model_3_rwd/2022/rf_steady_thermal_ab1db342/v1[39m[38;5;124m"[39m
[1;32m      4[0m )
[1;32m      5[0m tesla_with_temp_transient [38;5;241m=[39m pt[38;5;241m.[39mload_model(
[1;32m      6[0m     [38;5;124m"[39m[38;5;124mtesla/model_3_rwd/2022/rf_transient_thermal_ab1db342/v1[39m[38;5;124m"[39m
[1;32m      7[0m )

File [0;32m/opt/hostedtoolcache/Python/3.10.20/x64/lib/python3.10/site-packages/routee/powertrain/io/load.py:272[0m, in [0;36mload_model[0;34m(name_or_path, registry)[0m
[1;32m    270[0m [38;5;28;01mif[39;00m [38;5;28misinstance[39m(name_or_path, ([38;5;28mstr[39m, Path)):
[1;32m    271[0m     mid [38;5;241m=[39m _resolve_load_target([38;5;28mstr[39m(name_or_path), registry)
[0;32m--> 272[0m     [38;5;28;01mreturn[39;00m [43mregistry[49m[38;5;241;43m.[39;49m[43mload[49m[43m([49m[43mmid[49m[43m)[49m
[1;32m    274[0m [38;5;28;01mraise[39;00m [38;5;167;01mValueError[39;00m(
[1;32m    275[0m     [38;5;124mf[39m[38;5;124m"[39m[38;5;124mCould not load model: [39m[38;5;132;01m{[39;00mname_or_path[38;5;132;01m}[39;00m[38;5;124m. [39m[38;5;124m"[39m
[1;32m    276[0m     [38;5;124m"[39m[38;5;124mProvide a valid local file/directory or a valid ModelId/string with a registry.[39m[38;5;124m"[39m
[1;32m    277[0m )

File [0;32m/opt/hostedtoolcache/Python/3.10.20/x64/lib/python3.10/site-packages/routee/powertrain/registry/hf.py:230[0m, in [0;36mHFRegistry.load[0;34m(self, model_id)[0m
[1;32m    228[0m [38;5;66;03m# Fetch metadata to learn the model filename[39;00m
[1;32m    229[0m meta_path [38;5;241m=[39m [38;5;124mf[39m[38;5;124m"[39m[38;5;132;01m{[39;00mdir_path[38;5;132;01m}[39;00m[38;5;124m/[39m[38;5;132;01m{[39;00mMETADATA_FILENAME[38;5;132;01m}[39;00m[38;5;124m"[39m
[0;32m--> 230[0m meta_bytes [38;5;241m=[39m [38;5;28;43mself[39;49m[38;5;241;43m.[39;49m[43m_fetch_bytes[49m[43m([49m[43mmeta_path[49m[43m)[49m
[1;32m    231[0m metadata_dict [38;5;241m=[39m json[38;5;241m.[39mloads(meta_bytes)
[1;32m    233[0m model_filename [38;5;241m=[39m _model_filename(metadata_dict)

File [0;32m/opt/hostedtoolcache/Python/3.10.20/x64/lib/python3.10/site-packages/routee/powertrain/registry/hf.py:123[0m, in [0;36mHFRegistry._fetch_bytes[0;34m(self, path)[0m
[1;32m    117[0m [38;5;250m[39m[38;5;124;03m"""Download one file from the repository and return its bytes.[39;00m
[1;32m    118[0m 
[1;32m    119[0m [38;5;124;03mThe file is fetched into the local HuggingFace cache, so repeat calls[39;00m
[1;32m    120[0m [38;5;124;03mfor the same revision do not re-download.[39;00m
[1;32m    121[0m [38;5;124;03m"""[39;00m
[1;32m    122[0m client [38;5;241m=[39m [38;5;28mself[39m[38;5;241m.[39m_get_client()
[0;32m--> 123[0m local_path [38;5;241m=[39m [43mclient[49m[38;5;241;43m.[39;49m[43mhf_hub_download[49m[43m([49m
[1;32m    124[0m [43m    [49m[43mrepo_id[49m[38;5;241;43m=[39;49m[38;5;28;43mself[39;49m[38;5;241;43m.[39;49m[43mrepo_id[49m[43m,[49m
[1;32m    125[0m [43m    [49m[43mfilename[49m[38;5;241;43m=[39;49m[43mpath[49m[43m,[49m
[1;32m    126[0m [43m    [49m[43mrepo_type[49m[38;5;241;43m=[39;49m[38;5;28;43mself[39;49m[38;5;241;43m.[39;49m[43mrepo_type[49m[43m,[49m
[1;32m    127[0m [43m    [49m[43mrevision[49m[38;5;241;43m=[39;49m[38;5;28;43mself[39;49m[38;5;241;43m.[39;49m[43mrevision[49m[43m,[49m
[1;32m    128[0m [43m[49m[43m)[49m
[1;32m    129[0m [38;5;28;01mreturn[39;00m Path(local_path)[38;5;241m.[39mread_bytes()

File [0;32m/opt/hostedtoolcache/Python/3.10.20/x64/lib/python3.10/site-packages/huggingface_hub/utils/_validators.py:114[0m, in [0;36mvalidate_hf_hub_args.<locals>._inner_fn[0;34m(*args, **kwargs)[0m
[1;32m    111[0m [38;5;28;01mif[39;00m check_use_auth_token:
[1;32m    112[0m     kwargs [38;5;241m=[39m smoothly_deprecate_use_auth_token(fn_name[38;5;241m=[39mfn[38;5;241m.[39m[38;5;18m__name__[39m, has_token[38;5;241m=[39mhas_token, kwargs[38;5;241m=[39mkwargs)
[0;32m--> 114[0m [38;5;28;01mreturn[39;00m [43mfn[49m[43m([49m[38;5;241;43m*[39;49m[43margs[49m[43m,[49m[43m [49m[38;5;241;43m*[39;49m[38;5;241;43m*[39;49m[43mkwargs[49m[43m)[49m

File [0;32m/opt/hostedtoolcache/Python/3.10.20/x64/lib/python3.10/site-packages/huggingface_hub/hf_api.py:5467[0m, in [0;36mHfApi.hf_hub_download[0;34m(self, repo_id, filename, subfolder, repo_type, revision, cache_dir, local_dir, force_download, proxies, etag_timeout, token, local_files_only, resume_download, force_filename, local_dir_use_symlinks)[0m
[1;32m   5463[0m [38;5;28;01mif[39;00m token [38;5;129;01mis[39;00m [38;5;28;01mNone[39;00m:
[1;32m   5464[0m     [38;5;66;03m# Cannot do `token = token or self.token` as token can be `False`.[39;00m
[1;32m   5465[0m     token [38;5;241m=[39m [38;5;28mself[39m[38;5;241m.[39mtoken
[0;32m-> 5467[0m [38;5;28;01mreturn[39;00m [43mhf_hub_download[49m[43m([49m
[1;32m   5468[0m [43m    [49m[43mrepo_id[49m[38;5;241;43m=[39;49m[43mrepo_id[49m[43m,[49m
[1;32m   5469[0m [43m    [49m[43mfilename[49m[38;5;241;43m=[39;49m[43mfilename[49m[43m,[49m
[1;32m   5470[0m [43m    [49m[43msubfolder[49m[38;5;241;43m=[39;49m[43msubfolder[49m[43m,[49m
[1;32m   5471[0m [43m    [49m[43mrepo_type[49m[38;5;241;43m=[39;49m[43mrepo_type[49m[43m,[49m
[1;32m   5472[0m [43m    [49m[43mrevision[49m[38;5;241;43m=[39;49m[43mrevision[49m[43m,[49m
[1;32m   5473[0m [43m    [49m[43mendpoint[49m[38;5;241;43m=[39;49m[38;5;28;43mself[39;49m[38;5;241;43m.[39;49m[43mendpoint[49m[43m,[49m
[1;32m   5474[0m [43m    [49m[43mlibrary_name[49m[38;5;241;43m=[39;49m[38;5;28;43mself[39;49m[38;5;241;43m.[39;49m[43mlibrary_name[49m[43m,[49m
[1;32m   5475[0m [43m    [49m[43mlibrary_version[49m[38;5;241;43m=[39;49m[38;5;28;43mself[39;49m[38;5;241;43m.[39;49m[43mlibrary_version[49m[43m,[49m
[1;32m   5476[0m [43m    [49m[43mcache_dir[49m[38;5;241;43m=[39;49m[43mcache_dir[49m[43m,[49m
[1;32m   5477[0m [43m    [49m[43mlocal_dir[49m[38;5;241;43m=[39;49m[43mlocal_dir[49m[43m,[49m
[1;32m   5478[0m [43m    [49m[43mlocal_dir_use_symlinks[49m[38;5;241;43m=[39;49m[43mlocal_dir_use_symlinks[49m[43m,[49m
[1;32m   5479[0m [43m    [49m[43muser_agent[49m[38;5;241;43m=[39;49m[38;5;28;43mself[39;49m[38;5;241;43m.[39;49m[43muser_agent[49m[43m,[49m
[1;32m   5480[0m [43m    [49m[43mforce_download[49m[38;5;241;43m=[39;49m[43mforce_download[49m[43m,[49m
[1;32m   5481[0m [43m    [49m[43mforce_filename[49m[38;5;241;43m=[39;49m[43mforce_filename[49m[43m,[49m
[1;32m   5482[0m [43m    [49m[43mproxies[49m[38;5;241;43m=[39;49m[43mproxies[49m[43m,[49m
[1;32m   5483[0m [43m    [49m[43metag_timeout[49m[38;5;241;43m=[39;49m[43metag_timeout[49m[43m,[49m
[1;32m   5484[0m [43m    [49m[43mresume_download[49m[38;5;241;43m=[39;49m[43mresume_download[49m[43m,[49m
[1;32m   5485[0m [43m    [49m[43mtoken[49m[38;5;241;43m=[39;49m[43mtoken[49m[43m,[49m
[1;32m   5486[0m [43m    [49m[43mheaders[49m[38;5;241;43m=[39;49m[38;5;28;43mself[39;49m[38;5;241;43m.[39;49m[43mheaders[49m[43m,[49m
[1;32m   5487[0m [43m    [49m[43mlocal_files_only[49m[38;5;241;43m=[39;49m[43mlocal_files_only[49m[43m,[49m
[1;32m   5488[0m [43m[49m[43m)[49m

File [0;32m/opt/hostedtoolcache/Python/3.10.20/x64/lib/python3.10/site-packages/huggingface_hub/utils/_validators.py:114[0m, in [0;36mvalidate_hf_hub_args.<locals>._inner_fn[0;34m(*args, **kwargs)[0m
[1;32m    111[0m [38;5;28;01mif[39;00m check_use_auth_token:
[1;32m    112[0m     kwargs [38;5;241m=[39m smoothly_deprecate_use_auth_token(fn_name[38;5;241m=[39mfn[38;5;241m.[39m[38;5;18m__name__[39m, has_token[38;5;241m=[39mhas_token, kwargs[38;5;241m=[39mkwargs)
[0;32m--> 114[0m [38;5;28;01mreturn[39;00m [43mfn[49m[43m([49m[38;5;241;43m*[39;49m[43margs[49m[43m,[49m[43m [49m[38;5;241;43m*[39;49m[38;5;241;43m*[39;49m[43mkwargs[49m[43m)[49m

File [0;32m/opt/hostedtoolcache/Python/3.10.20/x64/lib/python3.10/site-packages/huggingface_hub/file_download.py:1014[0m, in [0;36mhf_hub_download[0;34m(repo_id, filename, subfolder, repo_type, revision, library_name, library_version, cache_dir, local_dir, user_agent, force_download, proxies, etag_timeout, token, local_files_only, headers, endpoint, resume_download, force_filename, local_dir_use_symlinks)[0m
[1;32m    994[0m     [38;5;28;01mreturn[39;00m _hf_hub_download_to_local_dir(
[1;32m    995[0m         [38;5;66;03m# Destination[39;00m
[1;32m    996[0m         local_dir[38;5;241m=[39mlocal_dir,
[0;32m   (...)[0m
[1;32m   1011[0m         local_files_only[38;5;241m=[39mlocal_files_only,
[1;32m   1012[0m     )
[1;32m   1013[0m [38;5;28;01melse[39;00m:
[0;32m-> 1014[0m     [38;5;28;01mreturn[39;00m [43m_hf_hub_download_to_cache_dir[49m[43m([49m
[1;32m   1015[0m [43m        [49m[38;5;66;43;03m# Destination[39;49;00m
[1;32m   1016[0m [43m        [49m[43mcache_dir[49m[38;5;241;43m=[39;49m[43mcache_dir[49m[43m,[49m
[1;32m   1017[0m [43m        [49m[38;5;66;43;03m# File info[39;49;00m
[1;32m   1018[0m [43m        [49m[43mrepo_id[49m[38;5;241;43m=[39;49m[43mrepo_id[49m[43m,[49m
[1;32m   1019[0m [43m        [49m[43mfilename[49m[38;5;241;43m=[39;49m[43mfilename[49m[43m,[49m
[1;32m   1020[0m [43m        [49m[43mrepo_type[49m[38;5;241;43m=[39;49m[43mrepo_type[49m[43m,[49m
[1;32m   1021[0m [43m        [49m[43mrevision[49m[38;5;241;43m=[39;49m[43mrevision[49m[43m,[49m
[1;32m   1022[0m [43m        [49m[38;5;66;43;03m# HTTP info[39;49;00m
[1;32m   1023[0m [43m        [49m[43mendpoint[49m[38;5;241;43m=[39;49m[43mendpoint[49m[43m,[49m
[1;32m   1024[0m [43m        [49m[43metag_timeout[49m[38;5;241;43m=[39;49m[43metag_timeout[49m[43m,[49m
[1;32m   1025[0m [43m        [49m[43mheaders[49m[38;5;241;43m=[39;49m[43mhf_headers[49m[43m,[49m
[1;32m   1026[0m [43m        [49m[43mproxies[49m[38;5;241;43m=[39;49m[43mproxies[49m[43m,[49m
[1;32m   1027[0m [43m        [49m[43mtoken[49m[38;5;241;43m=[39;49m[43mtoken[49m[43m,[49m
[1;32m   1028[0m [43m        [49m[38;5;66;43;03m# Additional options[39;49;00m
[1;32m   1029[0m [43m        [49m[43mlocal_files_only[49m[38;5;241;43m=[39;49m[43mlocal_files_only[49m[43m,[49m
[1;32m   1030[0m [43m        [49m[43mforce_download[49m[38;5;241;43m=[39;49m[43mforce_download[49m[43m,[49m
[1;32m   1031[0m [43m    [49m[43m)[49m

File [0;32m/opt/hostedtoolcache/Python/3.10.20/x64/lib/python3.10/site-packages/huggingface_hub/file_download.py:1077[0m, in [0;36m_hf_hub_download_to_cache_dir[0;34m(cache_dir, repo_id, filename, repo_type, revision, endpoint, etag_timeout, headers, proxies, token, local_files_only, force_download)[0m
[1;32m   1073[0m         [38;5;28;01mreturn[39;00m pointer_path
[1;32m   1075[0m [38;5;66;03m# Try to get metadata (etag, commit_hash, url, size) from the server.[39;00m
[1;32m   1076[0m [38;5;66;03m# If we can't, a HEAD request error is returned.[39;00m
[0;32m-> 1077[0m (url_to_download, etag, commit_hash, expected_size, xet_file_data, head_call_error) [38;5;241m=[39m [43m_get_metadata_or_catch_error[49m[43m([49m
[1;32m   1078[0m [43m    [49m[43mrepo_id[49m[38;5;241;43m=[39;49m[43mrepo_id[49m[43m,[49m
[1;32m   1079[0m [43m    [49m[43mfilename[49m[38;5;241;43m=[39;49m[43mfilename[49m[43m,[49m
[1;32m   1080[0m [43m    [49m[43mrepo_type[49m[38;5;241;43m=[39;49m[43mrepo_type[49m[43m,[49m
[1;32m   1081[0m [43m    [49m[43mrevision[49m[38;5;241;43m=[39;49m[43mrevision[49m[43m,[49m
[1;32m   1082[0m [43m    [49m[43mendpoint[49m[38;5;241;43m=[39;49m[43mendpoint[49m[43m,[49m
[1;32m   1083[0m [43m    [49m[43mproxies[49m[38;5;241;43m=[39;49m[43mproxies[49m[43m,[49m
[1;32m   1084[0m [43m    [49m[43metag_timeout[49m[38;5;241;43m=[39;49m[43metag_timeout[49m[43m,[49m
[1;32m   1085[0m [43m    [49m[43mheaders[49m[38;5;241;43m=[39;49m[43mheaders[49m[43m,[49m
[1;32m   1086[0m [43m    [49m[43mtoken[49m[38;5;241;43m=[39;49m[43mtoken[49m[43m,[49m
[1;32m   1087[0m [43m    [49m[43mlocal_files_only[49m[38;5;241;43m=[39;49m[43mlocal_files_only[49m[43m,[49m
[1;32m   1088[0m [43m    [49m[43mstorage_folder[49m[38;5;241;43m=[39;49m[43mstorage_folder[49m[43m,[49m
[1;32m   1089[0m [43m    [49m[43mrelative_filename[49m[38;5;241;43m=[39;49m[43mrelative_filename[49m[43m,[49m
[1;32m   1090[0m [43m[49m[43m)[49m
[1;32m   1092[0m [38;5;66;03m# etag can be None for several reasons:[39;00m
[1;32m   1093[0m [38;5;66;03m# 1. we passed local_files_only.[39;00m
[1;32m   1094[0m [38;5;66;03m# 2. we don't have a connection[39;00m
[0;32m   (...)[0m
[1;32m   1100[0m [38;5;66;03m# If the specified revision is a commit hash, look inside "snapshots".[39;00m
[1;32m   1101[0m [38;5;66;03m# If the specified revision is a branch or tag, look inside "refs".[39;00m
[1;32m   1102[0m [38;5;28;01mif[39;00m head_call_error [38;5;129;01mis[39;00m [38;5;129;01mnot[39;00m [38;5;28;01mNone[39;00m:
[1;32m   1103[0m     [38;5;66;03m# Couldn't make a HEAD call => let's try to find a local file[39;00m

File [0;32m/opt/hostedtoolcache/Python/3.10.20/x64/lib/python3.10/site-packages/huggingface_hub/file_download.py:1550[0m, in [0;36m_get_metadata_or_catch_error[0;34m(repo_id, filename, repo_type, revision, endpoint, proxies, etag_timeout, headers, token, local_files_only, relative_filename, storage_folder)[0m
[1;32m   1548[0m [38;5;28;01mtry[39;00m:
[1;32m   1549[0m     [38;5;28;01mtry[39;00m:
[0;32m-> 1550[0m         metadata [38;5;241m=[39m [43mget_hf_file_metadata[49m[43m([49m
[1;32m   1551[0m [43m            [49m[43murl[49m[38;5;241;43m=[39;49m[43murl[49m[43m,[49m[43m [49m[43mproxies[49m[38;5;241;43m=[39;49m[43mproxies[49m[43m,[49m[43m [49m[43mtimeout[49m[38;5;241;43m=[39;49m[43metag_timeout[49m[43m,[49m[43m [49m[43mheaders[49m[38;5;241;43m=[39;49m[43mheaders[49m[43m,[49m[43m [49m[43mtoken[49m[38;5;241;43m=[39;49m[43mtoken[49m[43m,[49m[43m [49m[43mendpoint[49m[38;5;241;43m=[39;49m[43mendpoint[49m
[1;32m   1552[0m [43m        [49m[43m)[49m
[1;32m   1553[0m     [38;5;28;01mexcept[39;00m EntryNotFoundError [38;5;28;01mas[39;00m http_error:
[1;32m   1554[0m         [38;5;28;01mif[39;00m storage_folder [38;5;129;01mis[39;00m [38;5;129;01mnot[39;00m [38;5;28;01mNone[39;00m [38;5;129;01mand[39;00m relative_filename [38;5;129;01mis[39;00m [38;5;129;01mnot[39;00m [38;5;28;01mNone[39;00m:
[1;32m   1555[0m             [38;5;66;03m# Cache the non-existence of the file[39;00m

File [0;32m/opt/hostedtoolcache/Python/3.10.20/x64/lib/python3.10/site-packages/huggingface_hub/utils/_validators.py:114[0m, in [0;36mvalidate_hf_hub_args.<locals>._inner_fn[0;34m(*args, **kwargs)[0m
[1;32m    111[0m [38;5;28;01mif[39;00m check_use_auth_token:
[1;32m    112[0m     kwargs [38;5;241m=[39m smoothly_deprecate_use_auth_token(fn_name[38;5;241m=[39mfn[38;5;241m.[39m[38;5;18m__name__[39m, has_token[38;5;241m=[39mhas_token, kwargs[38;5;241m=[39mkwargs)
[0;32m--> 114[0m [38;5;28;01mreturn[39;00m [43mfn[49m[43m([49m[38;5;241;43m*[39;49m[43margs[49m[43m,[49m[43m [49m[38;5;241;43m*[39;49m[38;5;241;43m*[39;49m[43mkwargs[49m[43m)[49m

File [0;32m/opt/hostedtoolcache/Python/3.10.20/x64/lib/python3.10/site-packages/huggingface_hub/file_download.py:1467[0m, in [0;36mget_hf_file_metadata[0;34m(url, token, proxies, timeout, library_name, library_version, user_agent, headers, endpoint)[0m
[1;32m   1464[0m hf_headers[[38;5;124m"[39m[38;5;124mAccept-Encoding[39m[38;5;124m"[39m] [38;5;241m=[39m [38;5;124m"[39m[38;5;124midentity[39m[38;5;124m"[39m  [38;5;66;03m# prevent any compression => we want to know the real size of the file[39;00m
[1;32m   1466[0m [38;5;66;03m# Retrieve metadata[39;00m
[0;32m-> 1467[0m r [38;5;241m=[39m [43m_request_wrapper[49m[43m([49m
[1;32m   1468[0m [43m    [49m[43mmethod[49m[38;5;241;43m=[39;49m[38;5;124;43m"[39;49m[38;5;124;43mHEAD[39;49m[38;5;124;43m"[39;49m[43m,[49m
[1;32m   1469[0m [43m    [49m[43murl[49m[38;5;241;43m=[39;49m[43murl[49m[43m,[49m
[1;32m   1470[0m [43m    [49m[43mheaders[49m[38;5;241;43m=[39;49m[43mhf_headers[49m[43m,[49m
[1;32m   1471[0m [43m    [49m[43mallow_redirects[49m[38;5;241;43m=[39;49m[38;5;28;43;01mFalse[39;49;00m[43m,[49m
[1;32m   1472[0m [43m    [49m[43mfollow_relative_redirects[49m[38;5;241;43m=[39;49m[38;5;28;43;01mTrue[39;49;00m[43m,[49m
[1;32m   1473[0m [43m    [49m[43mproxies[49m[38;5;241;43m=[39;49m[43mproxies[49m[43m,[49m
[1;32m   1474[0m [43m    [49m[43mtimeout[49m[38;5;241;43m=[39;49m[43mtimeout[49m[43m,[49m
[1;32m   1475[0m [43m[49m[43m)[49m
[1;32m   1476[0m hf_raise_for_status(r)
[1;32m   1478[0m [38;5;66;03m# Return[39;00m

File [0;32m/opt/hostedtoolcache/Python/3.10.20/x64/lib/python3.10/site-packages/huggingface_hub/file_download.py:283[0m, in [0;36m_request_wrapper[0;34m(method, url, follow_relative_redirects, **params)[0m
[1;32m    281[0m [38;5;66;03m# Recursively follow relative redirects[39;00m
[1;32m    282[0m [38;5;28;01mif[39;00m follow_relative_redirects:
[0;32m--> 283[0m     response [38;5;241m=[39m [43m_request_wrapper[49m[43m([49m
[1;32m    284[0m [43m        [49m[43mmethod[49m[38;5;241;43m=[39;49m[43mmethod[49m[43m,[49m
[1;32m    285[0m [43m        [49m[43murl[49m[38;5;241;43m=[39;49m[43murl[49m[43m,[49m
[1;32m    286[0m [43m        [49m[43mfollow_relative_redirects[49m[38;5;241;43m=[39;49m[38;5;28;43;01mFalse[39;49;00m[43m,[49m
[1;32m    287[0m [43m        [49m[38;5;241;43m*[39;49m[38;5;241;43m*[39;49m[43mparams[49m[43m,[49m
[1;32m    288[0m [43m    [49m[43m)[49m
[1;32m    290[0m     [38;5;66;03m# If redirection, we redirect only relative paths.[39;00m
[1;32m    291[0m     [38;5;66;03m# This is useful in case of a renamed repository.[39;00m
[1;32m    292[0m     [38;5;28;01mif[39;00m [38;5;241m300[39m [38;5;241m<[39m[38;5;241m=[39m response[38;5;241m.[39mstatus_code [38;5;241m<[39m[38;5;241m=[39m [38;5;241m399[39m:

File [0;32m/opt/hostedtoolcache/Python/3.10.20/x64/lib/python3.10/site-packages/huggingface_hub/file_download.py:307[0m, in [0;36m_request_wrapper[0;34m(method, url, follow_relative_redirects, **params)[0m
[1;32m    305[0m [38;5;66;03m# Perform request and return if status_code is not in the retry list.[39;00m
[1;32m    306[0m response [38;5;241m=[39m http_backoff(method[38;5;241m=[39mmethod, url[38;5;241m=[39murl, [38;5;241m*[39m[38;5;241m*[39mparams)
[0;32m--> 307[0m [43mhf_raise_for_status[49m[43m([49m[43mresponse[49m[43m)[49m
[1;32m    308[0m [38;5;28;01mreturn[39;00m response

File [0;32m/opt/hostedtoolcache/Python/3.10.20/x64/lib/python3.10/site-packages/huggingface_hub/utils/_http.py:414[0m, in [0;36mhf_raise_for_status[0;34m(response, endpoint_name)[0m
[1;32m    412[0m [38;5;28;01melif[39;00m error_code [38;5;241m==[39m [38;5;124m"[39m[38;5;124mEntryNotFound[39m[38;5;124m"[39m:
[1;32m    413[0m     message [38;5;241m=[39m [38;5;124mf[39m[38;5;124m"[39m[38;5;132;01m{[39;00mresponse[38;5;241m.[39mstatus_code[38;5;132;01m}[39;00m[38;5;124m Client Error.[39m[38;5;124m"[39m [38;5;241m+[39m [38;5;124m"[39m[38;5;130;01m\n[39;00m[38;5;130;01m\n[39;00m[38;5;124m"[39m [38;5;241m+[39m [38;5;124mf[39m[38;5;124m"[39m[38;5;124mEntry Not Found for url: [39m[38;5;132;01m{[39;00mresponse[38;5;241m.[39murl[38;5;132;01m}[39;00m[38;5;124m.[39m[38;5;124m"[39m
[0;32m--> 414[0m     [38;5;28;01mraise[39;00m _format(EntryNotFoundError, message, response) [38;5;28;01mfrom[39;00m[38;5;250m [39m[38;5;21;01me[39;00m
[1;32m    416[0m [38;5;28;01melif[39;00m error_code [38;5;241m==[39m [38;5;124m"[39m[38;5;124mGatedRepo[39m[38;5;124m"[39m:
[1;32m    417[0m     message [38;5;241m=[39m (
[1;32m    418[0m         [38;5;124mf[39m[38;5;124m"[39m[38;5;132;01m{[39;00mresponse[38;5;241m.[39mstatus_code[38;5;132;01m}[39;00m[38;5;124m Client Error.[39m[38;5;124m"[39m [38;5;241m+[39m [38;5;124m"[39m[38;5;130;01m\n[39;00m[38;5;130;01m\n[39;00m[38;5;124m"[39m [38;5;241m+[39m [38;5;124mf[39m[38;5;124m"[39m[38;5;124mCannot access gated repo for url [39m[38;5;132;01m{[39;00mresponse[38;5;241m.[39murl[38;5;132;01m}[39;00m[38;5;124m.[39m[38;5;124m"[39m
[1;32m    419[0m     )

[0;31mEntryNotFoundError[0m: 404 Client Error. (Request ID: Root=1-6a6d0a47-34b9fea614ccac8641994961;a9fe20df-06ce-4a12-b969-b784cac7c073)

Entry Not Found for url: https://huggingface.co/NatLabRockies/routee-powertrain-model-library/resolve/main/v2/tesla/model_3_rwd/2022/rf_c3326385/v1/metadata.json.

