Traceback (most recent call last):
  File "/opt/hostedtoolcache/Python/3.10.20/x64/lib/python3.10/site-packages/jupyter_cache/executors/utils.py", line 58, in single_nb_execution
    executenb(
  File "/opt/hostedtoolcache/Python/3.10.20/x64/lib/python3.10/site-packages/nbclient/client.py", line 1323, in execute
    return NotebookClient(nb=nb, resources=resources, km=km, **kwargs).execute()
  File "/opt/hostedtoolcache/Python/3.10.20/x64/lib/python3.10/site-packages/jupyter_core/utils/__init__.py", line 165, in wrapped
    return loop.run_until_complete(inner)
  File "/opt/hostedtoolcache/Python/3.10.20/x64/lib/python3.10/asyncio/base_events.py", line 649, in run_until_complete
    return future.result()
  File "/opt/hostedtoolcache/Python/3.10.20/x64/lib/python3.10/site-packages/nbclient/client.py", line 709, in async_execute
    await self.async_execute_cell(
  File "/opt/hostedtoolcache/Python/3.10.20/x64/lib/python3.10/site-packages/nbclient/client.py", line 1062, in async_execute_cell
    await self._check_raise_for_error(cell, cell_index, exec_reply)
  File "/opt/hostedtoolcache/Python/3.10.20/x64/lib/python3.10/site-packages/nbclient/client.py", line 918, in _check_raise_for_error
    raise CellExecutionError.from_cell_and_msg(cell, exec_reply_content)
nbclient.exceptions.CellExecutionError: An error occurred while executing the following cell:
------------------

toyota_camry = pt.load_model("toyota/camry_ice/2016/rf_db8522fb/v1")
tesla_model3 = pt.load_model("tesla/model_3_rwd/2022/rf_c3326385/v1")
tesla_with_temp = pt.load_model("tesla/model_3_rwd/2022/rf_steady_thermal_ab1db342/v1")

------------------

----- stderr -----
/opt/hostedtoolcache/Python/3.10.20/x64/lib/python3.10/site-packages/tqdm/auto.py:21: TqdmWarning: IProgress not found. Please update jupyter and ipywidgets. See https://ipywidgets.readthedocs.io/en/stable/user_install.html
  from .autonotebook import tqdm as notebook_tqdm
------------------

[0;31m---------------------------------------------------------------------------[0m
[0;31mValidationError[0m                           Traceback (most recent call last)
Cell [0;32mIn[2], line 1[0m
[0;32m----> 1[0m toyota_camry [38;5;241m=[39m [43mpt[49m[38;5;241;43m.[39;49m[43mload_model[49m[43m([49m[38;5;124;43m"[39;49m[38;5;124;43mtoyota/camry_ice/2016/rf_db8522fb/v1[39;49m[38;5;124;43m"[39;49m[43m)[49m
[1;32m      2[0m tesla_model3 [38;5;241m=[39m pt[38;5;241m.[39mload_model([38;5;124m"[39m[38;5;124mtesla/model_3_rwd/2022/rf_c3326385/v1[39m[38;5;124m"[39m)
[1;32m      3[0m tesla_with_temp [38;5;241m=[39m pt[38;5;241m.[39mload_model([38;5;124m"[39m[38;5;124mtesla/model_3_rwd/2022/rf_steady_thermal_ab1db342/v1[39m[38;5;124m"[39m)

File [0;32m/opt/hostedtoolcache/Python/3.10.20/x64/lib/python3.10/site-packages/routee/powertrain/io/load.py:272[0m, in [0;36mload_model[0;34m(name_or_path, registry)[0m
[1;32m    270[0m [38;5;28;01mif[39;00m [38;5;28misinstance[39m(name_or_path, ([38;5;28mstr[39m, Path)):
[1;32m    271[0m     mid [38;5;241m=[39m _resolve_load_target([38;5;28mstr[39m(name_or_path), registry)
[0;32m--> 272[0m     [38;5;28;01mreturn[39;00m [43mregistry[49m[38;5;241;43m.[39;49m[43mload[49m[43m([49m[43mmid[49m[43m)[49m
[1;32m    274[0m [38;5;28;01mraise[39;00m [38;5;167;01mValueError[39;00m(
[1;32m    275[0m     [38;5;124mf[39m[38;5;124m"[39m[38;5;124mCould not load model: [39m[38;5;132;01m{[39;00mname_or_path[38;5;132;01m}[39;00m[38;5;124m. [39m[38;5;124m"[39m
[1;32m    276[0m     [38;5;124m"[39m[38;5;124mProvide a valid local file/directory or a valid ModelId/string with a registry.[39m[38;5;124m"[39m
[1;32m    277[0m )

File [0;32m/opt/hostedtoolcache/Python/3.10.20/x64/lib/python3.10/site-packages/routee/powertrain/registry/hf.py:236[0m, in [0;36mHFRegistry.load[0;34m(self, model_id)[0m
[1;32m    233[0m model_filename [38;5;241m=[39m _model_filename(metadata_dict)
[1;32m    235[0m model_bytes [38;5;241m=[39m [38;5;28mself[39m[38;5;241m.[39m_fetch_bytes([38;5;124mf[39m[38;5;124m"[39m[38;5;132;01m{[39;00mdir_path[38;5;132;01m}[39;00m[38;5;124m/[39m[38;5;132;01m{[39;00mmodel_filename[38;5;132;01m}[39;00m[38;5;124m"[39m)
[0;32m--> 236[0m model [38;5;241m=[39m [43m_model_from_metadata_and_bytes[49m[43m([49m[43mmetadata_dict[49m[43m,[49m[43m [49m[43mmodel_bytes[49m[43m)[49m
[1;32m    237[0m assert_metadata_matches_id(model[38;5;241m.[39mmetadata, model_id)
[1;32m    238[0m [38;5;28;01mreturn[39;00m model

File [0;32m/opt/hostedtoolcache/Python/3.10.20/x64/lib/python3.10/site-packages/routee/powertrain/io/archive.py:228[0m, in [0;36m_model_from_metadata_and_bytes[0;34m(metadata_dict, model_bytes)[0m
[1;32m    222[0m [38;5;28;01mif[39;00m estimator_cls [38;5;129;01mis[39;00m [38;5;28;01mNone[39;00m:
[1;32m    223[0m     [38;5;28;01mraise[39;00m [38;5;167;01mValueError[39;00m(
[1;32m    224[0m         [38;5;124mf[39m[38;5;124m"[39m[38;5;124mEstimator type [39m[38;5;124m'[39m[38;5;132;01m{[39;00mestimator_type_str[38;5;132;01m}[39;00m[38;5;124m'[39m[38;5;124m is not registered. [39m[38;5;124m"[39m
[1;32m    225[0m         [38;5;124mf[39m[38;5;124m"[39m[38;5;124mAvailable types: [39m[38;5;132;01m{[39;00m[38;5;28mlist[39m(registry[38;5;241m.[39mkeys())[38;5;132;01m}[39;00m[38;5;124m"[39m
[1;32m    226[0m     )
[0;32m--> 228[0m metadata [38;5;241m=[39m [43mMetadata[49m[38;5;241;43m.[39;49m[43mmodel_validate[49m[43m([49m[43mmetadata_dict[49m[43m)[49m
[1;32m    229[0m [38;5;66;03m# Verify against the raw bytes as read, before deserializing the binary.[39;00m
[1;32m    230[0m _verify_digest(metadata, model_bytes)

File [0;32m/opt/hostedtoolcache/Python/3.10.20/x64/lib/python3.10/site-packages/pydantic/main.py:732[0m, in [0;36mBaseModel.model_validate[0;34m(cls, obj, strict, extra, from_attributes, context, by_alias, by_name)[0m
[1;32m    726[0m [38;5;28;01mif[39;00m by_alias [38;5;129;01mis[39;00m [38;5;28;01mFalse[39;00m [38;5;129;01mand[39;00m by_name [38;5;129;01mis[39;00m [38;5;129;01mnot[39;00m [38;5;28;01mTrue[39;00m:
[1;32m    727[0m     [38;5;28;01mraise[39;00m PydanticUserError(
[1;32m    728[0m         [38;5;124m'[39m[38;5;124mAt least one of `by_alias` or `by_name` must be set to True.[39m[38;5;124m'[39m,
[1;32m    729[0m         code[38;5;241m=[39m[38;5;124m'[39m[38;5;124mvalidate-by-alias-and-name-false[39m[38;5;124m'[39m,
[1;32m    730[0m     )
[0;32m--> 732[0m [38;5;28;01mreturn[39;00m [38;5;28;43mcls[39;49m[38;5;241;43m.[39;49m[43m__pydantic_validator__[49m[38;5;241;43m.[39;49m[43mvalidate_python[49m[43m([49m
[1;32m    733[0m [43m    [49m[43mobj[49m[43m,[49m
[1;32m    734[0m [43m    [49m[43mstrict[49m[38;5;241;43m=[39;49m[43mstrict[49m[43m,[49m
[1;32m    735[0m [43m    [49m[43mextra[49m[38;5;241;43m=[39;49m[43mextra[49m[43m,[49m
[1;32m    736[0m [43m    [49m[43mfrom_attributes[49m[38;5;241;43m=[39;49m[43mfrom_attributes[49m[43m,[49m
[1;32m    737[0m [43m    [49m[43mcontext[49m[38;5;241;43m=[39;49m[43mcontext[49m[43m,[49m
[1;32m    738[0m [43m    [49m[43mby_alias[49m[38;5;241;43m=[39;49m[43mby_alias[49m[43m,[49m
[1;32m    739[0m [43m    [49m[43mby_name[49m[38;5;241;43m=[39;49m[43mby_name[49m[43m,[49m
[1;32m    740[0m [43m[49m[43m)[49m

[0;31mValidationError[0m: 1 validation error for Metadata
provenance
  Field required [type=missing, input_value={'vehicle': {'vehicle_des...a720e62a0aae0c4e4a158f'}, input_type=dict]
    For further information visit https://errors.pydantic.dev/2.13/v/missing

